Archive member included to satisfy reference by file (symbol)

c:/program files (x86)/atmel/studio/7.0/toolchain/avr8/avr8-gnu-toolchain/bin/../lib/gcc/avr/5.4.0/avr5\libgcc.a(_exit.o)
                              C:/Program Files (x86)/Atmel/Studio/7.0/Packs/atmel/ATmega_DFP/1.2.209/gcc/dev/atmega64m1/avr5/crtatmega64m1.o (exit)
c:/program files (x86)/atmel/studio/7.0/toolchain/avr8/avr8-gnu-toolchain/bin/../lib/gcc/avr/5.4.0/avr5\libgcc.a(_copy_data.o)
                              main.o (__do_copy_data)
c:/program files (x86)/atmel/studio/7.0/toolchain/avr8/avr8-gnu-toolchain/bin/../lib/gcc/avr/5.4.0/avr5\libgcc.a(_clear_bss.o)
                              CTinstruments/CTinstruments.o (__do_clear_bss)

Allocating common symbols
Common symbol       size              file

_Control_Flag_2     0x4               CTinstruments/CTinstruments.o
_Control_Flag_3     0x4               CTinstruments/CTinstruments.o
_Control_Flag_1     0x4               CTinstruments/CTinstruments.o
_RTC_Tim0OVF_Count  0x4               CTinstruments/CTinstruments.o
TCNT1_sreg          0x1               src/SoftwarePWM.o
_RTC_Tim0OVF_Count2
                    0x1               CTinstruments/CTinstruments.o
_RTC_Tim0OVF_Count1
                    0x1               CTinstruments/CTinstruments.o
_Control_Flag_4     0x4               CTinstruments/CTinstruments.o
PWMCounter          0x2               src/SoftwarePWM.o
RTC_ms              0x4               CTinstruments/CTinstruments.o
_Control_Flag_0     0x4               CTinstruments/CTinstruments.o
_RTC_s              0x4               CTinstruments/CTinstruments.o
_RTC_100us          0x4               CTinstruments/CTinstruments.o
RTC_s               0x4               CTinstruments/CTinstruments.o
_RTC_ms             0x4               CTinstruments/CTinstruments.o
RTC_100us           0x4               CTinstruments/CTinstruments.o

Discarded input sections

 .data          0x00000000        0x0 C:/Program Files (x86)/Atmel/Studio/7.0/Packs/atmel/ATmega_DFP/1.2.209/gcc/dev/atmega64m1/avr5/crtatmega64m1.o
 .bss           0x00000000        0x0 C:/Program Files (x86)/Atmel/Studio/7.0/Packs/atmel/ATmega_DFP/1.2.209/gcc/dev/atmega64m1/avr5/crtatmega64m1.o
 .text          0x00000000        0x0 CTinstruments/CTinstruments.o
 .data          0x00000000        0x0 CTinstruments/CTinstruments.o
 .bss           0x00000000        0x0 CTinstruments/CTinstruments.o
 .text.SPI_init
                0x00000000        0x2 CTinstruments/CTinstruments.o
 .text.CAN_init
                0x00000000        0x2 CTinstruments/CTinstruments.o
 .text.millis   0x00000000       0x34 CTinstruments/CTinstruments.o
 .text.micros_100
                0x00000000       0x34 CTinstruments/CTinstruments.o
 .text.seconds  0x00000000       0x34 CTinstruments/CTinstruments.o
 .text.Control_Flag_0
                0x00000000       0x34 CTinstruments/CTinstruments.o
 .text.Control_Flag_1
                0x00000000       0x34 CTinstruments/CTinstruments.o
 .text.Control_Flag_2
                0x00000000       0x34 CTinstruments/CTinstruments.o
 .text.Control_Flag_3
                0x00000000       0x34 CTinstruments/CTinstruments.o
 .text.Control_Flag_4
                0x00000000       0x34 CTinstruments/CTinstruments.o
 .text.delay    0x00000000       0xc6 CTinstruments/CTinstruments.o
 .text          0x00000000        0x0 main.o
 .data          0x00000000        0x0 main.o
 .bss           0x00000000        0x0 main.o
 .text.LVPosReset
                0x00000000       0x36 main.o
 .text.ADDR2NUM
                0x00000000       0x2a main.o
 .text          0x00000000        0x0 src/CAN.o
 .data          0x00000000        0x0 src/CAN.o
 .bss           0x00000000        0x0 src/CAN.o
 .text.CANRead1byte
                0x00000000       0x20 src/CAN.o
 .text.CANSend  0x00000000       0x94 src/CAN.o
 .bss.CAN_DATATOSEND
                0x00000000        0x8 src/CAN.o
 .data.CANTXID  0x00000000        0x4 src/CAN.o
 .text          0x00000000        0x0 src/HardwarePWM.o
 .data          0x00000000        0x0 src/HardwarePWM.o
 .bss           0x00000000        0x0 src/HardwarePWM.o
 .text.HardwarePWM_init
                0x00000000       0xca src/HardwarePWM.o
 .debug_info    0x00000000       0xb7 src/HardwarePWM.o
 .debug_abbrev  0x00000000       0x6f src/HardwarePWM.o
 .debug_loc     0x00000000       0x28 src/HardwarePWM.o
 .debug_aranges
                0x00000000       0x20 src/HardwarePWM.o
 .debug_ranges  0x00000000       0x10 src/HardwarePWM.o
 .debug_line    0x00000000      0x152 src/HardwarePWM.o
 .debug_str     0x00000000      0x1ce src/HardwarePWM.o
 .comment       0x00000000       0x31 src/HardwarePWM.o
 .debug_frame   0x00000000       0x24 src/HardwarePWM.o
 .text          0x00000000        0x0 src/SoftwarePWM.o
 .data          0x00000000        0x0 src/SoftwarePWM.o
 .bss           0x00000000        0x0 src/SoftwarePWM.o
 .text.SPWM_init
                0x00000000       0x8c src/SoftwarePWM.o
 .text          0x00000000        0x0 c:/program files (x86)/atmel/studio/7.0/toolchain/avr8/avr8-gnu-toolchain/bin/../lib/gcc/avr/5.4.0/avr5\libgcc.a(_exit.o)
 .data          0x00000000        0x0 c:/program files (x86)/atmel/studio/7.0/toolchain/avr8/avr8-gnu-toolchain/bin/../lib/gcc/avr/5.4.0/avr5\libgcc.a(_exit.o)
 .bss           0x00000000        0x0 c:/program files (x86)/atmel/studio/7.0/toolchain/avr8/avr8-gnu-toolchain/bin/../lib/gcc/avr/5.4.0/avr5\libgcc.a(_exit.o)
 .text.libgcc.mul
                0x00000000        0x0 c:/program files (x86)/atmel/studio/7.0/toolchain/avr8/avr8-gnu-toolchain/bin/../lib/gcc/avr/5.4.0/avr5\libgcc.a(_exit.o)
 .text.libgcc.div
                0x00000000        0x0 c:/program files (x86)/atmel/studio/7.0/toolchain/avr8/avr8-gnu-toolchain/bin/../lib/gcc/avr/5.4.0/avr5\libgcc.a(_exit.o)
 .text.libgcc   0x00000000        0x0 c:/program files (x86)/atmel/studio/7.0/toolchain/avr8/avr8-gnu-toolchain/bin/../lib/gcc/avr/5.4.0/avr5\libgcc.a(_exit.o)
 .text.libgcc.prologue
                0x00000000        0x0 c:/program files (x86)/atmel/studio/7.0/toolchain/avr8/avr8-gnu-toolchain/bin/../lib/gcc/avr/5.4.0/avr5\libgcc.a(_exit.o)
 .text.libgcc.builtins
                0x00000000        0x0 c:/program files (x86)/atmel/studio/7.0/toolchain/avr8/avr8-gnu-toolchain/bin/../lib/gcc/avr/5.4.0/avr5\libgcc.a(_exit.o)
 .text.libgcc.fmul
                0x00000000        0x0 c:/program files (x86)/atmel/studio/7.0/toolchain/avr8/avr8-gnu-toolchain/bin/../lib/gcc/avr/5.4.0/avr5\libgcc.a(_exit.o)
 .text.libgcc.fixed
                0x00000000        0x0 c:/program files (x86)/atmel/studio/7.0/toolchain/avr8/avr8-gnu-toolchain/bin/../lib/gcc/avr/5.4.0/avr5\libgcc.a(_exit.o)
 .text          0x00000000        0x0 c:/program files (x86)/atmel/studio/7.0/toolchain/avr8/avr8-gnu-toolchain/bin/../lib/gcc/avr/5.4.0/avr5\libgcc.a(_copy_data.o)
 .data          0x00000000        0x0 c:/program files (x86)/atmel/studio/7.0/toolchain/avr8/avr8-gnu-toolchain/bin/../lib/gcc/avr/5.4.0/avr5\libgcc.a(_copy_data.o)
 .bss           0x00000000        0x0 c:/program files (x86)/atmel/studio/7.0/toolchain/avr8/avr8-gnu-toolchain/bin/../lib/gcc/avr/5.4.0/avr5\libgcc.a(_copy_data.o)
 .text.libgcc.mul
                0x00000000        0x0 c:/program files (x86)/atmel/studio/7.0/toolchain/avr8/avr8-gnu-toolchain/bin/../lib/gcc/avr/5.4.0/avr5\libgcc.a(_copy_data.o)
 .text.libgcc.div
                0x00000000        0x0 c:/program files (x86)/atmel/studio/7.0/toolchain/avr8/avr8-gnu-toolchain/bin/../lib/gcc/avr/5.4.0/avr5\libgcc.a(_copy_data.o)
 .text.libgcc   0x00000000        0x0 c:/program files (x86)/atmel/studio/7.0/toolchain/avr8/avr8-gnu-toolchain/bin/../lib/gcc/avr/5.4.0/avr5\libgcc.a(_copy_data.o)
 .text.libgcc.prologue
                0x00000000        0x0 c:/program files (x86)/atmel/studio/7.0/toolchain/avr8/avr8-gnu-toolchain/bin/../lib/gcc/avr/5.4.0/avr5\libgcc.a(_copy_data.o)
 .text.libgcc.builtins
                0x00000000        0x0 c:/program files (x86)/atmel/studio/7.0/toolchain/avr8/avr8-gnu-toolchain/bin/../lib/gcc/avr/5.4.0/avr5\libgcc.a(_copy_data.o)
 .text.libgcc.fmul
                0x00000000        0x0 c:/program files (x86)/atmel/studio/7.0/toolchain/avr8/avr8-gnu-toolchain/bin/../lib/gcc/avr/5.4.0/avr5\libgcc.a(_copy_data.o)
 .text.libgcc.fixed
                0x00000000        0x0 c:/program files (x86)/atmel/studio/7.0/toolchain/avr8/avr8-gnu-toolchain/bin/../lib/gcc/avr/5.4.0/avr5\libgcc.a(_copy_data.o)
 .text          0x00000000        0x0 c:/program files (x86)/atmel/studio/7.0/toolchain/avr8/avr8-gnu-toolchain/bin/../lib/gcc/avr/5.4.0/avr5\libgcc.a(_clear_bss.o)
 .data          0x00000000        0x0 c:/program files (x86)/atmel/studio/7.0/toolchain/avr8/avr8-gnu-toolchain/bin/../lib/gcc/avr/5.4.0/avr5\libgcc.a(_clear_bss.o)
 .bss           0x00000000        0x0 c:/program files (x86)/atmel/studio/7.0/toolchain/avr8/avr8-gnu-toolchain/bin/../lib/gcc/avr/5.4.0/avr5\libgcc.a(_clear_bss.o)
 .text.libgcc.mul
                0x00000000        0x0 c:/program files (x86)/atmel/studio/7.0/toolchain/avr8/avr8-gnu-toolchain/bin/../lib/gcc/avr/5.4.0/avr5\libgcc.a(_clear_bss.o)
 .text.libgcc.div
                0x00000000        0x0 c:/program files (x86)/atmel/studio/7.0/toolchain/avr8/avr8-gnu-toolchain/bin/../lib/gcc/avr/5.4.0/avr5\libgcc.a(_clear_bss.o)
 .text.libgcc   0x00000000        0x0 c:/program files (x86)/atmel/studio/7.0/toolchain/avr8/avr8-gnu-toolchain/bin/../lib/gcc/avr/5.4.0/avr5\libgcc.a(_clear_bss.o)
 .text.libgcc.prologue
                0x00000000        0x0 c:/program files (x86)/atmel/studio/7.0/toolchain/avr8/avr8-gnu-toolchain/bin/../lib/gcc/avr/5.4.0/avr5\libgcc.a(_clear_bss.o)
 .text.libgcc.builtins
                0x00000000        0x0 c:/program files (x86)/atmel/studio/7.0/toolchain/avr8/avr8-gnu-toolchain/bin/../lib/gcc/avr/5.4.0/avr5\libgcc.a(_clear_bss.o)
 .text.libgcc.fmul
                0x00000000        0x0 c:/program files (x86)/atmel/studio/7.0/toolchain/avr8/avr8-gnu-toolchain/bin/../lib/gcc/avr/5.4.0/avr5\libgcc.a(_clear_bss.o)
 .text.libgcc.fixed
                0x00000000        0x0 c:/program files (x86)/atmel/studio/7.0/toolchain/avr8/avr8-gnu-toolchain/bin/../lib/gcc/avr/5.4.0/avr5\libgcc.a(_clear_bss.o)

Memory Configuration

Name             Origin             Length             Attributes
text             0x00000000         0x00020000         xr
data             0x00800060         0x0000ffa0         rw !x
eeprom           0x00810000         0x00010000         rw !x
fuse             0x00820000         0x00000003         rw !x
lock             0x00830000         0x00000400         rw !x
signature        0x00840000         0x00000400         rw !x
user_signatures  0x00850000         0x00000400         rw !x
*default*        0x00000000         0xffffffff

Linker script and memory map

Address of section .data set to 0x800100
LOAD C:/Program Files (x86)/Atmel/Studio/7.0/Packs/atmel/ATmega_DFP/1.2.209/gcc/dev/atmega64m1/avr5/crtatmega64m1.o
LOAD CTinstruments/CTinstruments.o
LOAD main.o
LOAD src/CAN.o
LOAD src/HardwarePWM.o
LOAD src/SoftwarePWM.o
START GROUP
LOAD c:/program files (x86)/atmel/studio/7.0/toolchain/avr8/avr8-gnu-toolchain/bin/../lib/gcc/avr/5.4.0/../../../../avr/lib/avr5\libm.a
END GROUP
START GROUP
LOAD c:/program files (x86)/atmel/studio/7.0/toolchain/avr8/avr8-gnu-toolchain/bin/../lib/gcc/avr/5.4.0/avr5\libgcc.a
LOAD c:/program files (x86)/atmel/studio/7.0/toolchain/avr8/avr8-gnu-toolchain/bin/../lib/gcc/avr/5.4.0/../../../../avr/lib/avr5\libm.a
LOAD c:/program files (x86)/atmel/studio/7.0/toolchain/avr8/avr8-gnu-toolchain/bin/../lib/gcc/avr/5.4.0/../../../../avr/lib/avr5\libc.a
LOAD C:/Program Files (x86)/Atmel/Studio/7.0/Packs/atmel/ATmega_DFP/1.2.209/gcc/dev/atmega64m1/avr5\libatmega64m1.a
END GROUP
                0x00000000                __TEXT_REGION_ORIGIN__ = DEFINED (__TEXT_REGION_ORIGIN__)?__TEXT_REGION_ORIGIN__:0x0
                0x00800060                __DATA_REGION_ORIGIN__ = DEFINED (__DATA_REGION_ORIGIN__)?__DATA_REGION_ORIGIN__:0x800060
                0x00020000                __TEXT_REGION_LENGTH__ = DEFINED (__TEXT_REGION_LENGTH__)?__TEXT_REGION_LENGTH__:0x20000
                0x0000ffa0                __DATA_REGION_LENGTH__ = DEFINED (__DATA_REGION_LENGTH__)?__DATA_REGION_LENGTH__:0xffa0
                0x00010000                __EEPROM_REGION_LENGTH__ = DEFINED (__EEPROM_REGION_LENGTH__)?__EEPROM_REGION_LENGTH__:0x10000
                [0x00000003]                __FUSE_REGION_LENGTH__ = DEFINED (__FUSE_REGION_LENGTH__)?__FUSE_REGION_LENGTH__:0x400
                0x00000400                __LOCK_REGION_LENGTH__ = DEFINED (__LOCK_REGION_LENGTH__)?__LOCK_REGION_LENGTH__:0x400
                0x00000400                __SIGNATURE_REGION_LENGTH__ = DEFINED (__SIGNATURE_REGION_LENGTH__)?__SIGNATURE_REGION_LENGTH__:0x400
                0x00000400                __USER_SIGNATURE_REGION_LENGTH__ = DEFINED (__USER_SIGNATURE_REGION_LENGTH__)?__USER_SIGNATURE_REGION_LENGTH__:0x400

.hash
 *(.hash)

.dynsym
 *(.dynsym)

.dynstr
 *(.dynstr)

.gnu.version
 *(.gnu.version)

.gnu.version_d
 *(.gnu.version_d)

.gnu.version_r
 *(.gnu.version_r)

.rel.init
 *(.rel.init)

.rela.init
 *(.rela.init)

.rel.text
 *(.rel.text)
 *(.rel.text.*)
 *(.rel.gnu.linkonce.t*)

.rela.text
 *(.rela.text)
 *(.rela.text.*)
 *(.rela.gnu.linkonce.t*)

.rel.fini
 *(.rel.fini)

.rela.fini
 *(.rela.fini)

.rel.rodata
 *(.rel.rodata)
 *(.rel.rodata.*)
 *(.rel.gnu.linkonce.r*)

.rela.rodata
 *(.rela.rodata)
 *(.rela.rodata.*)
 *(.rela.gnu.linkonce.r*)

.rel.data
 *(.rel.data)
 *(.rel.data.*)
 *(.rel.gnu.linkonce.d*)

.rela.data
 *(.rela.data)
 *(.rela.data.*)
 *(.rela.gnu.linkonce.d*)

.rel.ctors
 *(.rel.ctors)

.rela.ctors
 *(.rela.ctors)

.rel.dtors
 *(.rel.dtors)

.rela.dtors
 *(.rela.dtors)

.rel.got
 *(.rel.got)

.rela.got
 *(.rela.got)

.rel.bss
 *(.rel.bss)

.rela.bss
 *(.rela.bss)

.rel.plt
 *(.rel.plt)

.rela.plt
 *(.rela.plt)

.text           0x00000000      0xda4
 *(.vectors)
 .vectors       0x00000000       0x7c C:/Program Files (x86)/Atmel/Studio/7.0/Packs/atmel/ATmega_DFP/1.2.209/gcc/dev/atmega64m1/avr5/crtatmega64m1.o
                0x00000000                __vector_default
                0x00000000                __vectors
 *(.vectors)
 *(.progmem.gcc*)
                0x0000007c                . = ALIGN (0x2)
                0x0000007c                __trampolines_start = .
 *(.trampolines)
 .trampolines   0x0000007c        0x0 linker stubs
 *(.trampolines*)
                0x0000007c                __trampolines_end = .
 *libprintf_flt.a:*(.progmem.data)
 *libc.a:*(.progmem.data)
 *(.progmem*)
                0x0000007c                . = ALIGN (0x2)
 *(.jumptables)
 *(.jumptables*)
 *(.lowtext)
 *(.lowtext*)
                0x0000007c                __ctors_start = .
 *(.ctors)
                0x0000007c                __ctors_end = .
                0x0000007c                __dtors_start = .
 *(.dtors)
                0x0000007c                __dtors_end = .
 SORT(*)(.ctors)
 SORT(*)(.dtors)
 *(.init0)
 .init0         0x0000007c        0x0 C:/Program Files (x86)/Atmel/Studio/7.0/Packs/atmel/ATmega_DFP/1.2.209/gcc/dev/atmega64m1/avr5/crtatmega64m1.o
                0x0000007c                __init
 *(.init0)
 *(.init1)
 *(.init1)
 *(.init2)
 .init2         0x0000007c        0xc C:/Program Files (x86)/Atmel/Studio/7.0/Packs/atmel/ATmega_DFP/1.2.209/gcc/dev/atmega64m1/avr5/crtatmega64m1.o
 *(.init2)
 *(.init3)
 *(.init3)
 *(.init4)
 .init4         0x00000088       0x16 c:/program files (x86)/atmel/studio/7.0/toolchain/avr8/avr8-gnu-toolchain/bin/../lib/gcc/avr/5.4.0/avr5\libgcc.a(_copy_data.o)
                0x00000088                __do_copy_data
 .init4         0x0000009e       0x10 c:/program files (x86)/atmel/studio/7.0/toolchain/avr8/avr8-gnu-toolchain/bin/../lib/gcc/avr/5.4.0/avr5\libgcc.a(_clear_bss.o)
                0x0000009e                __do_clear_bss
 *(.init4)
 *(.init5)
 *(.init5)
 *(.init6)
 *(.init6)
 *(.init7)
 *(.init7)
 *(.init8)
 *(.init8)
 *(.init9)
 .init9         0x000000ae        0x8 C:/Program Files (x86)/Atmel/Studio/7.0/Packs/atmel/ATmega_DFP/1.2.209/gcc/dev/atmega64m1/avr5/crtatmega64m1.o
 *(.init9)
 *(.text)
 .text          0x000000b6        0x4 C:/Program Files (x86)/Atmel/Studio/7.0/Packs/atmel/ATmega_DFP/1.2.209/gcc/dev/atmega64m1/avr5/crtatmega64m1.o
                0x000000b6                __vector_22
                0x000000b6                __vector_1
                0x000000b6                __vector_24
                0x000000b6                __vector_12
                0x000000b6                __bad_interrupt
                0x000000b6                __vector_6
                0x000000b6                __vector_3
                0x000000b6                __vector_23
                0x000000b6                __vector_30
                0x000000b6                __vector_25
                0x000000b6                __vector_11
                0x000000b6                __vector_13
                0x000000b6                __vector_19
                0x000000b6                __vector_7
                0x000000b6                __vector_27
                0x000000b6                __vector_5
                0x000000b6                __vector_4
                0x000000b6                __vector_9
                0x000000b6                __vector_2
                0x000000b6                __vector_21
                0x000000b6                __vector_15
                0x000000b6                __vector_29
                0x000000b6                __vector_8
                0x000000b6                __vector_26
                0x000000b6                __vector_10
                0x000000b6                __vector_16
                0x000000b6                __vector_18
                0x000000b6                __vector_20
                0x000000ba                . = ALIGN (0x2)
 *(.text.*)
 .text.WatchDog_init
                0x000000ba       0x28 CTinstruments/CTinstruments.o
                0x000000ba                WatchDog_init
 .text.init     0x000000e2      0x13c CTinstruments/CTinstruments.o
                0x000000e2                init
 .text.main     0x0000021e       0x10 CTinstruments/CTinstruments.o
                0x0000021e                main
 .text.__vector_17
                0x0000022e      0x2f4 CTinstruments/CTinstruments.o
                0x0000022e                __vector_17
 .text.__vector_28
                0x00000522       0x48 CTinstruments/CTinstruments.o
                0x00000522                __vector_28
 .text.setup    0x0000056a       0x14 main.o
                0x0000056a                setup
 .text.GPIO_select
                0x0000057e       0x26 main.o
                0x0000057e                GPIO_select
 .text.Error_Handler
                0x000005a4        0x2 main.o
                0x000005a4                Error_Handler
 .text.LVSetLength
                0x000005a6       0x96 main.o
                0x000005a6                LVSetLength
 .text.CANhandle
                0x0000063c      0x13c main.o
                0x0000063c                CANhandle
 .text.readOPB  0x00000778       0x4e main.o
                0x00000778                readOPB
 .text.stepOutput
                0x000007c6       0x44 main.o
                0x000007c6                stepOutput
 .text.enOutput
                0x0000080a       0x44 main.o
                0x0000080a                enOutput
 .text.dirOutput
                0x0000084e       0x44 main.o
                0x0000084e                dirOutput
 .text.LVhandle
                0x00000892      0x208 main.o
                0x00000892                LVhandle
 .text.loop     0x00000a9a        0xc main.o
                0x00000a9a                loop
 .text.CANSETID
                0x00000aa6       0x48 src/CAN.o
                0x00000aa6                CANSETID
 .text.CAN_initialize
                0x00000aee       0xa0 src/CAN.o
                0x00000aee                CAN_initialize
 .text.CANRead  0x00000b8e       0x58 src/CAN.o
                0x00000b8e                CANRead
 .text.__vector_14
                0x00000be6      0x1ba src/SoftwarePWM.o
                0x00000be6                __vector_14
                0x00000da0                . = ALIGN (0x2)
 *(.fini9)
 .fini9         0x00000da0        0x0 c:/program files (x86)/atmel/studio/7.0/toolchain/avr8/avr8-gnu-toolchain/bin/../lib/gcc/avr/5.4.0/avr5\libgcc.a(_exit.o)
                0x00000da0                _exit
                0x00000da0                exit
 *(.fini9)
 *(.fini8)
 *(.fini8)
 *(.fini7)
 *(.fini7)
 *(.fini6)
 *(.fini6)
 *(.fini5)
 *(.fini5)
 *(.fini4)
 *(.fini4)
 *(.fini3)
 *(.fini3)
 *(.fini2)
 *(.fini2)
 *(.fini1)
 *(.fini1)
 *(.fini0)
 .fini0         0x00000da0        0x4 c:/program files (x86)/atmel/studio/7.0/toolchain/avr8/avr8-gnu-toolchain/bin/../lib/gcc/avr/5.4.0/avr5\libgcc.a(_exit.o)
 *(.fini0)
                0x00000da4                _etext = .

.data           0x00800100        0xa load address 0x00000da4
                0x00800100                PROVIDE (__data_start, .)
 *(.data)
 *(.data*)
 .data.LV_state
                0x00800100        0x4 main.o
                0x00800100                LV_state
 .data.done     0x00800104        0x1 main.o
                0x00800104                done
 .data.LV_HL    0x00800105        0x1 main.o
                0x00800105                LV_HL
 .data.CAN_MSGLEN
                0x00800106        0x1 src/CAN.o
                0x00800106                CAN_MSGLEN
 .data.LED_state
                0x00800107        0x1 src/SoftwarePWM.o
                0x00800107                LED_state
 .data.PWMPeriod
                0x00800108        0x2 src/SoftwarePWM.o
                0x00800108                PWMPeriod
 *(.gnu.linkonce.d*)
 *(.rodata)
 *(.rodata*)
 *(.gnu.linkonce.r*)
                0x0080010a                . = ALIGN (0x2)
                0x0080010a                _edata = .
                0x0080010a                PROVIDE (__data_end, .)

.bss            0x0080010a       0x63
                0x0080010a                PROVIDE (__bss_start, .)
 *(.bss)
 *(.bss*)
 .bss.RTC_Flag  0x0080010a        0x1 CTinstruments/CTinstruments.o
                0x0080010a                RTC_Flag
 .bss.LV_POS_RST_flag
                0x0080010b        0x4 main.o
                0x0080010b                LV_POS_RST_flag
 .bss.LV_currentlength
                0x0080010f        0x4 main.o
                0x0080010f                LV_currentlength
 .bss.LV_stepToGo
                0x00800113        0x8 main.o
                0x00800113                LV_stepToGo
 .bss.CAN_MSG   0x0080011b        0x8 src/CAN.o
                0x0080011b                CAN_MSG
 .bss.CANRXID   0x00800123        0x4 src/CAN.o
                0x00800123                CANRXID
 .bss.PWM_Mask  0x00800127        0x1 src/SoftwarePWM.o
                0x00800127                PWM_Mask
 .bss.PWMValue  0x00800128       0x10 src/SoftwarePWM.o
                0x00800128                PWMValue
 *(COMMON)
 COMMON         0x00800138       0x32 CTinstruments/CTinstruments.o
                0x00800138                _Control_Flag_2
                0x0080013c                _Control_Flag_3
                0x00800140                _Control_Flag_1
                0x00800144                _RTC_Tim0OVF_Count
                0x00800148                _RTC_Tim0OVF_Count2
                0x00800149                _RTC_Tim0OVF_Count1
                0x0080014a                _Control_Flag_4
                0x0080014e                RTC_ms
                0x00800152                _Control_Flag_0
                0x00800156                _RTC_s
                0x0080015a                _RTC_100us
                0x0080015e                RTC_s
                0x00800162                _RTC_ms
                0x00800166                RTC_100us
 COMMON         0x0080016a        0x3 src/SoftwarePWM.o
                0x0080016a                TCNT1_sreg
                0x0080016b                PWMCounter
                0x0080016d                PROVIDE (__bss_end, .)
                0x00000da4                __data_load_start = LOADADDR (.data)
                0x00000dae                __data_load_end = (__data_load_start + SIZEOF (.data))

.noinit         0x0080016d        0x0
                [!provide]                PROVIDE (__noinit_start, .)
 *(.noinit*)
                [!provide]                PROVIDE (__noinit_end, .)
                0x0080016d                _end = .
                [!provide]                PROVIDE (__heap_start, .)

.eeprom         0x00810000        0x0
 *(.eeprom*)
                0x00810000                __eeprom_end = .

.fuse
 *(.fuse)
 *(.lfuse)
 *(.hfuse)
 *(.efuse)

.lock
 *(.lock*)

.signature
 *(.signature*)

.user_signatures
 *(.user_signatures*)

.stab
 *(.stab)

.stabstr
 *(.stabstr)

.stab.excl
 *(.stab.excl)

.stab.exclstr
 *(.stab.exclstr)

.stab.index
 *(.stab.index)

.stab.indexstr
 *(.stab.indexstr)

.comment        0x00000000       0x30
 *(.comment)
 .comment       0x00000000       0x30 CTinstruments/CTinstruments.o
                                 0x31 (size before relaxing)
 .comment       0x00000030       0x31 main.o
 .comment       0x00000030       0x31 src/CAN.o
 .comment       0x00000030       0x31 src/SoftwarePWM.o

.note.gnu.avr.deviceinfo
                0x00000000       0x40
 .note.gnu.avr.deviceinfo
                0x00000000       0x40 C:/Program Files (x86)/Atmel/Studio/7.0/Packs/atmel/ATmega_DFP/1.2.209/gcc/dev/atmega64m1/avr5/crtatmega64m1.o

.note.gnu.build-id
 *(.note.gnu.build-id)

.debug
 *(.debug)

.line
 *(.line)

.debug_srcinfo
 *(.debug_srcinfo)

.debug_sfnames
 *(.debug_sfnames)

.debug_aranges  0x00000000      0x180
 *(.debug_aranges)
 .debug_aranges
                0x00000000       0x98 CTinstruments/CTinstruments.o
 .debug_aranges
                0x00000098       0x80 main.o
 .debug_aranges
                0x00000118       0x40 src/CAN.o
 .debug_aranges
                0x00000158       0x28 src/SoftwarePWM.o

.debug_pubnames
 *(.debug_pubnames)

.debug_info     0x00000000     0x185e
 *(.debug_info .gnu.linkonce.wi.*)
 .debug_info    0x00000000      0xa40 C:/Program Files (x86)/Atmel/Studio/7.0/Packs/atmel/ATmega_DFP/1.2.209/gcc/dev/atmega64m1/avr5/crtatmega64m1.o
 .debug_info    0x00000a40      0x4f7 CTinstruments/CTinstruments.o
 .debug_info    0x00000f37      0x592 main.o
 .debug_info    0x000014c9      0x238 src/CAN.o
 .debug_info    0x00001701      0x15d src/SoftwarePWM.o

.debug_abbrev   0x00000000      0xf05
 *(.debug_abbrev)
 .debug_abbrev  0x00000000      0x9b2 C:/Program Files (x86)/Atmel/Studio/7.0/Packs/atmel/ATmega_DFP/1.2.209/gcc/dev/atmega64m1/avr5/crtatmega64m1.o
 .debug_abbrev  0x000009b2      0x18e CTinstruments/CTinstruments.o
 .debug_abbrev  0x00000b40      0x21c main.o
 .debug_abbrev  0x00000d5c      0x116 src/CAN.o
 .debug_abbrev  0x00000e72       0x93 src/SoftwarePWM.o

.debug_line     0x00000000     0x1362
 *(.debug_line .debug_line.* .debug_line_end)
 .debug_line    0x00000000      0x151 C:/Program Files (x86)/Atmel/Studio/7.0/Packs/atmel/ATmega_DFP/1.2.209/gcc/dev/atmega64m1/avr5/crtatmega64m1.o
 .debug_line    0x00000151      0x5b9 CTinstruments/CTinstruments.o
 .debug_line    0x0000070a      0x66f main.o
 .debug_line    0x00000d79      0x278 src/CAN.o
 .debug_line    0x00000ff1      0x371 src/SoftwarePWM.o

.debug_frame    0x00000000      0x3d0
 *(.debug_frame)
 .debug_frame   0x00000000      0x1a4 CTinstruments/CTinstruments.o
 .debug_frame   0x000001a4      0x154 main.o
 .debug_frame   0x000002f8       0x84 src/CAN.o
 .debug_frame   0x0000037c       0x54 src/SoftwarePWM.o

.debug_str      0x00000000      0x8b7
 *(.debug_str)
 .debug_str     0x00000000      0x3d0 C:/Program Files (x86)/Atmel/Studio/7.0/Packs/atmel/ATmega_DFP/1.2.209/gcc/dev/atmega64m1/avr5/crtatmega64m1.o
 .debug_str     0x000003d0      0x2d7 CTinstruments/CTinstruments.o
                                0x377 (size before relaxing)
 .debug_str     0x000006a7      0x147 main.o
                                0x2b4 (size before relaxing)
 .debug_str     0x000007ee       0x5a src/CAN.o
                                0x227 (size before relaxing)
 .debug_str     0x00000848       0x6f src/SoftwarePWM.o
                                0x211 (size before relaxing)

.debug_loc      0x00000000      0x87e
 *(.debug_loc)
 .debug_loc     0x00000000      0x258 CTinstruments/CTinstruments.o
 .debug_loc     0x00000258      0x42b main.o
 .debug_loc     0x00000683      0x198 src/CAN.o
 .debug_loc     0x0000081b       0x63 src/SoftwarePWM.o

.debug_macinfo
 *(.debug_macinfo)

.debug_weaknames
 *(.debug_weaknames)

.debug_funcnames
 *(.debug_funcnames)

.debug_typenames
 *(.debug_typenames)

.debug_varnames
 *(.debug_varnames)

.debug_pubtypes
 *(.debug_pubtypes)

.debug_ranges   0x00000000      0x140
 *(.debug_ranges)
 .debug_ranges  0x00000000       0x88 CTinstruments/CTinstruments.o
 .debug_ranges  0x00000088       0x70 main.o
 .debug_ranges  0x000000f8       0x30 src/CAN.o
 .debug_ranges  0x00000128       0x18 src/SoftwarePWM.o

.debug_macro
 *(.debug_macro)
OUTPUT(FGSE_LV_Controller_nanoCAN.elf elf32-avr)
LOAD linker stubs
